[models1a.com/index.html]
[www.youtube.com/iframe_api]
[connect.facebook.net/en_US/fbevents.js]
[models1a.com/js/chunk-00740b05.49decad7.js]
[models1a.com/js/chunk-03830ad9.eee577c8.js]
[models1a.com/js/chunk-085443a6.6588be2f.js]
[models1a.com/js/chunk-09f071a7.381c6620.js]
[models1a.com/js/chunk-0a24776a.cccfbb9c.js]
[models1a.com/js/chunk-0a746f6b.55e765fc.js]
[models1a.com/js/chunk-0cb1e60a.355d8fcc.js]
[models1a.com/js/chunk-140028ab.774b8fd9.js]
[models1a.com/js/chunk-143d2893.ba6c905a.js]
[models1a.com/js/chunk-1445640a.3e4d7770.js]
[models1a.com/js/chunk-15bd3b4d.9579c742.js]
[models1a.com/js/chunk-18980c33.3c79f0ea.js]
[models1a.com/js/chunk-1b146624.ef7ddf82.js]
[models1a.com/js/chunk-21979cd9.129dc3f0.js]
[models1a.com/js/chunk-21a1bc7b.382876a3.js]
[models1a.com/js/chunk-229f3e61.40319609.js]
[models1a.com/js/chunk-2682f831.aed758ab.js]
[models1a.com/js/chunk-26fb3b22.869b5174.js]
[models1a.com/js/chunk-285346da.1629bb75.js]
[models1a.com/js/chunk-289d473b.c7f0573c.js]
[models1a.com/js/chunk-29140c12.b7ccfe60.js]
[models1a.com/js/chunk-2a50bdd5.ef7a7fbc.js]
[models1a.com/js/chunk-2cc7c606.ee1dd8e5.js]
[models1a.com/js/chunk-2d0aab95.4ec7c849.js]
[models1a.com/js/chunk-2d0c1626.fe244587.js]
[models1a.com/js/chunk-2d0ceb46.8ace7f93.js]
[models1a.com/js/chunk-2d20847c.4523c19f.js]
[models1a.com/js/chunk-2d2086ab.5e97985c.js]
[models1a.com/js/chunk-2d20938d.03aaeb95.js]
[models1a.com/js/chunk-2dc3631e.bab327f5.js]
[models1a.com/js/chunk-2e4807c8.46e2df61.js]
[models1a.com/js/chunk-34a9c9d3.6ac3ae38.js]
[models1a.com/js/chunk-34d84ef6.6fa6aac6.js]
[models1a.com/js/chunk-36595d24.fc647a1d.js]
[models1a.com/js/chunk-3816569e.c05aec9d.js]
[models1a.com/js/chunk-3b44b000.fd27a545.js]
[models1a.com/js/chunk-40461d14.2d6ee156.js]
[models1a.com/js/chunk-492960b2.6a12c8cc.js]
[models1a.com/js/chunk-49360939.b40b5b08.js]
[models1a.com/js/chunk-4bf5303a.866befa4.js]
[models1a.com/js/chunk-4c2252e8.37281da6.js]
[models1a.com/js/chunk-4e298858.53dc04f7.js]
[models1a.com/js/chunk-4ea6918a.3069fdb4.js]
[models1a.com/js/chunk-4ecfda0c.bb341753.js]
[models1a.com/js/chunk-4fe14271.03816a8f.js]
[models1a.com/js/chunk-517f91ac.48309e9c.js]
[models1a.com/js/chunk-5497829c.f1d143fb.js]
[models1a.com/js/chunk-549a1a6a.8f6d73c8.js]
[models1a.com/js/chunk-55341364.c4735828.js]
[models1a.com/js/chunk-55f1a0ca.d508a0bb.js]
[models1a.com/js/chunk-562f3df5.7aab5401.js]
[models1a.com/js/chunk-5c2f59e7.3906a46e.js]
[models1a.com/js/chunk-5d1d9cf4.981d8e2d.js]
[models1a.com/js/chunk-61d0cdbe.612960be.js]
[models1a.com/js/chunk-6216c67b.b43cc31d.js]
[models1a.com/js/chunk-63074841.ff503a2a.js]
[models1a.com/js/chunk-640b1a7b.da77215e.js]
[models1a.com/js/chunk-657b1b68.91846899.js]
[models1a.com/js/chunk-664783ae.677d6490.js]
[models1a.com/js/chunk-672f2288.7366d949.js]
[models1a.com/js/chunk-67e10d88.4d0573d3.js]
[models1a.com/js/chunk-6c28158e.4c7ec176.js]
[models1a.com/js/chunk-6ceecfd8.62eaae9f.js]
[models1a.com/js/chunk-6d885bcf.639d10b7.js]
[models1a.com/js/chunk-6d9a6ea7.b993ed6e.js]
[models1a.com/js/chunk-6e7ecaaa.9fe6e3eb.js]
[models1a.com/js/chunk-71b1821c.836a6ccb.js]
[models1a.com/js/chunk-75030af5.ea142174.js]
[models1a.com/js/chunk-795e9a5c.c5f6c393.js]
[models1a.com/js/chunk-7cb37cf4.fefa1410.js]
[models1a.com/js/chunk-8746b96e.6a45f9d0.js]
[models1a.com/js/chunk-9069fa34.f96182e3.js]
[models1a.com/js/chunk-929b6316.11747d2f.js]
[models1a.com/js/chunk-aaf80a24.10942619.js]
[models1a.com/js/chunk-c9257c22.54ecd379.js]
[models1a.com/js/chunk-cf2be6b0.cebe6e38.js]
[models1a.com/js/chunk-e0705454.901e2d5e.js]
[models1a.com/js/chunk-e7dcfb18.2579ed70.js]
[models1a.com/js/chunk-e8bd45ce.fd459f70.js]
[models1a.com/js/chunk-e90963a4.0ac8eb65.js]
[models1a.com/js/chunk-edb63aae.cb76da3e.js]
[models1a.com/js/chunk-f1d8f796.dcac6f2f.js]
[models1a.com/js/chunk-fb026dba.9333ab8e.js]
[models1a.com/js/chunk-fc0d7064.cf165c35.js]
[models1a.com/js/chunk-fea472fe.6cdc1654.js]
[models1a.com/js/app.e820e323.js]
[models1a.com/js/chunk-vendors.cc5259a1.js]
[models1a.com/img/icons/favicon-32x32.png]
[models1a.com/img/icons/favicon-16x16.png]
[models1a.com/manifest.json]
[backblue.gif]
[fade.gif]
[index.html]
[models1a.com/img/icons/apple-touch-icon-152x152.png]
[www.googletagmanager.com/nsb613.html]
[www.gstatic.com/charts/loader.js]
[tools.luckyorange.com/core/lo3556.js]
[models1a.com/index.html]
[models1a.com/a.html]
[models1a.com/signals/config/index.html]
[models1a.com/b.html]
[models1a.com/d.html]
[models1a.com/signals/iwl.html]
[models1a.com/signals/iwl0fc5.html]
[models1a.com/signals/plugins/index.html]
[models1a.com/schema.org/index.html]
[models1a.com/c.html]
[connect.facebook.net/en_US/fbevents.js]
[models1a.com/css/chunk-00740b05.b88569f2.css]
[models1a.com/c-2.html]
[models1a.com/img/Fondo.c930b0a6.png]
[models1a.com/css/chunk-03830ad9.eeade8d5.css]
[models1a.com/css/chunk-085443a6.a67451da.css]
[models1a.com/css/chunk-09f071a7.093031aa.css]
[models1a.com/css/chunk-0a24776a.7491db7a.css]
[models1a.com/css/chunk-0a746f6b.c209f1ab.css]
[models1a.com/css/chunk-0cb1e60a.50813808.css]
[models1a.com/css/chunk-140028ab.3038ceb9.css]
[models1a.com/css/chunk-143d2893.68e74a16.css]
[models1a.com/css/chunk-1445640a.bed25965.css]
[models1a.com/css/chunk-15bd3b4d.ce8e4d03.css]
[models1a.com/css/chunk-18980c33.86ab7601.css]
[models1a.com/css/chunk-1b146624.f1bb5f0e.css]
[models1a.com/css/chunk-21979cd9.ae2017f7.css]
[models1a.com/css/chunk-21a1bc7b.61ae0b94.css]
[models1a.com/css/chunk-229f3e61.15aa7b44.css]
[models1a.com/css/chunk-2682f831.69369e34.css]
[new-web-site-bucket.s3.us-east-1.amazonaws.com/website/training/trainingFlag.png]
[models1a.com/css/chunk-26fb3b22.2fdd5875.css]
[models1a.com/css/chunk-285346da.97d6c378.css]
[models1a.com/css/chunk-289d473b.c435df83.css]
[models1a.com/css/chunk-29140c12.120e79a5.css]
[models1a.com/css/chunk-2a50bdd5.ec774712.css]
[models1a.com/css/chunk-2cc7c606.b53733df.css]
[models1a.com/css/chunk-2dc3631e.4639b23c.css]
[models1a.com/css/chunk-2e4807c8.0f3f8b42.css]
[models1a.com/css/chunk-34a9c9d3.275abcdf.css]
[models1a.com/css/chunk-36595d24.76579f91.css]
[models1a.com/css/chunk-3816569e.95214508.css]
[models1a.com/css/chunk-3b44b000.0e433876.css]
[models1a.com/css/chunk-40461d14.af6c8a83.css]
[models1a.com/css/chunk-492960b2.f22b50ef.css]
[models1a.com/css/chunk-49360939.c9dd31a7.css]
[models1a.com/css/chunk-4bf5303a.4b77f8e0.css]
[models1a.com/css/chunk-4c2252e8.c86db983.css]
[models1a.com/css/chunk-4e298858.8e8b8e33.css]
[models1a.com/css/chunk-4ea6918a.49878848.css]
[models1a.com/css/chunk-4ecfda0c.87e498ff.css]
[models1a.com/css/chunk-4fe14271.3bdda9e3.css]
[models1a.com/css/chunk-517f91ac.26c7041a.css]
[models1a.com/css/chunk-5497829c.517e9f5b.css]
[models1a.com/css/chunk-549a1a6a.ad783a4b.css]
[models1a.com/css/chunk-55341364.1b6ff88b.css]
[models1a.com/css/chunk-55f1a0ca.431ca1f2.css]
[models1a.com/css/chunk-562f3df5.4d73f750.css]
[models1a.com/css/chunk-5c2f59e7.56b199d2.css]
[models1a.com/css/chunk-5d1d9cf4.ae603314.css]
[models1a.com/css/chunk-61d0cdbe.eb28537c.css]
[models1a.com/css/chunk-6216c67b.7a06e0ed.css]
[models1a.com/css/chunk-63074841.0b88b902.css]
[models1a.com/css/chunk-640b1a7b.c37d2dd0.css]
[models1a.com/css/chunk-657b1b68.e3a4d0ed.css]
[models1a.com/css/chunk-664783ae.e06b56c9.css]
[models1a.com/css/chunk-672f2288.5926440a.css]
[models1a.com/css/chunk-67e10d88.4ffa126e.css]
[models1a.com/css/chunk-6c28158e.9a158d75.css]
[models1a.com/css/chunk-6ceecfd8.28c63d87.css]
[models1a.com/css/chunk-6d885bcf.c0c0ff2b.css]
[models1a.com/css/chunk-6d9a6ea7.7f29701b.css]
[models1a.com/css/chunk-6e7ecaaa.84f0be76.css]
[models1a.com/css/chunk-71b1821c.219ee058.css]
[models1a.com/css/chunk-75030af5.65bf982b.css]
[models1a.com/css/chunk-795e9a5c.d8f193ed.css]
[models1a.com/css/chunk-7cb37cf4.c3f33ec4.css]
[cdn.models1a.com/website/about/banner_jobs.jpg]
[models1a.com/css/chunk-8746b96e.fd014ef1.css]
[models1a.com/css/chunk-9069fa34.957bb734.css]
[models1a.com/css/chunk-929b6316.5a71d71c.css]
[models1a.com/css/chunk-aaf80a24.4cd42117.css]
[models1a.com/css/chunk-c9257c22.4e78c3ea.css]
[models1a.com/css/chunk-cf2be6b0.9b4c2060.css]
[models1a.com/css/chunk-e0705454.f161c395.css]
[models1a.com/css/chunk-e7dcfb18.a2c2cd26.css]
[models1a.com/css/chunk-e8bd45ce.b89b8679.css]
[models1a.com/css/chunk-e90963a4.81389ef4.css]
[models1a.com/css/chunk-edb63aae.cfcb753d.css]
[models1a.com/css/chunk-f1d8f796.f5e5301e.css]
[models1a.com/css/chunk-fb026dba.ae1fbc37.css]
[models1a.com/css/chunk-fc0d7064.972ba44a.css]
[models1a.com/css/chunk-fea472fe.d346c676.css]
[models1a.com/fonts/fontawesome-webfont.32400f4e.eot]
[models1a.com/fonts/fontawesome-webfont.32400f4ed41d.eot]
[models1a.com/fonts/fontawesome-webfont.db812d8a.woff2]
[models1a.com/fonts/fontawesome-webfont.a35720c2.woff]
[models1a.com/fonts/fontawesome-webfont.a3de2170.ttf]
[models1a.com/fonts/BebasKai.c24b340d.eot]
[models1a.com/fonts/BebasKai.c24b340dd41d.eot]
[models1a.com/fonts/BebasKai.0db2d1e6.woff]
[models1a.com/fonts/BebasKai.19a96e3c.ttf]
[models1a.com/fonts/Montserrat-Regular.9b06c77a.eot]
[models1a.com/fonts/Montserrat-Regular.9b06c77ad41d.eot]
[models1a.com/fonts/Montserrat-Regular.f0bcf1a4.woff]
[models1a.com/fonts/Montserrat-Regular.fbbcdc05.ttf]
[models1a.com/fonts/Montserrat-Bold.354dc625.ttf]
[models1a.com/fonts/Montserrat-Black.b9ca03e9.ttf]
[models1a.com/css/app.755a21b1.css]
[models1a.com/css/chunk-vendors.e2f3c2d1.css]
[models1a.com/img/icons/safari-pinned-tab.svg]
[www.facebook.com/tre605]
[www.googletagmanager.com/nsb613.html]
[models1a.com/signals/config/index.html]
[models1a.com/a.html]
[models1a.com/signals/plugins/index.html]
[models1a.com/schema.org/index.html]
[models1a.com/b.html]
[models1a.com/d.html]
[models1a.com/signals/iwl.html]
[models1a.com/signals/iwl0fc5.html]
[models1a.com/c.html]
[models1a.com/c-2.html]
[models1a.com/img/slide-left-hand.svg]
[models1a.com/img/slide-right-hand.svg]
[models1a.com/img/logOut.ba2ea01e.svg]
[models1a.com/img/logOutHoverRed.e469e9f1.svg]
[models1a.com/img/fontawesome-webfont.f775f9cc.svg]
[models1a.com/img/BebasKai.fb2dcc1d.svg]
[models1a.com/img/uni0335.html]
[models1a.com/img/Montserrat-Regular.8e7d4e5e.svg]
[models1a.com/img/uni0335.html]
